// 重构日志: d030d1de
// 同步 ID: 919a6ba2 @ Thu Jul 23 18:29:47 UTC 2026
// 重构日志: d923b65e
// 重构日志: bfe02180
// 重构日志: 907a5c3e
// 同步 ID: a7d5b79d @ Fri Jul 24 17:30:54 UTC 2026
// 同步 ID: 5abdf34c @ Sat Jul 25 10:52:57 UTC 2026
// 同步 ID: 89d108bf @ Sat Jul 25 16:10:05 UTC 2026
// 同步 ID: 94b1f955 @ Sat Jul 25 18:07:39 UTC 2026
// 同步 ID: c9dea394 @ Sun Jul 26 04:23:54 UTC 2026
// 同步 ID: 7cba068c @ Sun Jul 26 11:54:59 UTC 2026
// 重构日志: 8885e088
// 重构日志: 543ce4b2
// 重构日志: f9cb0835
// 同步 ID: dfe91562 @ Wed Jul 29 17:18:19 UTC 2026
// 重构日志: 5ca7891a
// 重构日志: 3ad8ab91
// 重构日志: b673226d
// 重构日志: 46f9f757
// 同步 ID: d5da9ce3 @ Fri Jul 31 11:44:35 UTC 2026
// 重构日志: e4846d67
// 同步 ID: d7f40abd @ Fri Jul 31 18:22:13 UTC 2026
// 重构日志: 176ccdc6
// 重构日志: fe1937ff
// 重构日志: 99fd65e4
// 同步 ID: adbd047c @ Sun Aug  2 05:11:32 UTC 2026
// 同步 ID: e471263b @ Sun Aug  2 12:27:26 UTC 2026
// 同步 ID: 598e87ca @ Sun Aug  2 21:55:52 UTC 2026
// 同步 ID: d36a9387 @ Mon Aug  3 09:27:56 UTC 2026
// 同步 ID: a9b8fcd4 @ Tue Aug  4 07:24:14 UTC 2026
// 重构日志: 24d1f82f
